// Jest Snapshot v1, https://goo.gl/fbAQLP

exports[`<EditExpense /> render() renders the component 1`] = `
<div>
  <h3>
    Edit Expense
  </h3>
  <form>
    <div>
      <label>
        Expense: 
      </label>
      <br />
      <input
        type="text"
      />
    </div>
    <div>
      <label>
        Cost: 
      </label>
      <br />
      <input
        type="text"
      />
    </div>
    <div>
      <label>
        Category: 
      </label>
      <br />
      <input
        type="text"
      />
    </div>
    <div>
      <label>
        Frequency: 
      </label>
      <br />
      <input
        type="text"
      />
    </div>
    <div>
      <label>
        Date: 
      </label>
      <br />
      <input
        type="text"
      />
    </div>
    <br />
    <button
      type="submit"
    >
      Save
    </button>
    <button
      type="submit"
    >
      Cancel
    </button>
  </form>
</div>
`;
