// Jest Snapshot v1, https://goo.gl/fbAQLP

exports[`<Expenses /> render() renders the component 1`] = `
<div>
  Income: 
  2000
  Expenses: 
  1700
  Remainder: 
  300
  <tr>
    <th>
      Expense
    </th>
    <th>
      Cost
    </th>
    <th>
      Category
    </th>
    <th>
      Frequency
    </th>
    <th>
      Date
    </th>
    <th>
      Edit/Delete
    </th>
  </tr>
  <tr>
    <td>
      Buffalo Wild Wings
    </td>
    <td>
      $20
    </td>
    <td>
      Food
    </td>
    <td>
      Once
    </td>
    <td>
      10/02/18
    </td>
    <td>
      <button>
        Edit
      </button>
      <button>
        Delete
      </button>
    </td>
  </tr>
  <tr>
    <td>
      Netflix
    </td>
    <td>
      $10
    </td>
    <td>
      Entertainment
    </td>
    <td>
      Monthly
    </td>
    <td>
      10/05/18
    </td>
    <td>
      <button>
        Edit
      </button>
      <button>
        Delete
      </button>
    </td>
  </tr>
  <tr>
    <td>
      Comcast
    </td>
    <td>
      $50
    </td>
    <td>
      Utilities
    </td>
    <td>
      Monthly
    </td>
    <td>
      10/23/18
    </td>
    <td>
      <button>
        Edit
      </button>
      <button>
        Delete
      </button>
    </td>
  </tr>
  <AddExpense />
  <EditExpense />
</div>
`;
